[0.008s][info][gc] Using G1
[0.012s][info][gc,init] Version: 17.0.12+8-LTS-286 (release)
[0.012s][info][gc,init] CPUs: 8 total, 8 available
[0.012s][info][gc,init] Memory: 16161M
[0.013s][info][gc,init] Large Page Support: Disabled
[0.013s][info][gc,init] NUMA Support: Disabled
[0.013s][info][gc,init] Compressed Oops: Enabled (32-bit)
[0.013s][info][gc,init] Heap Region Size: 1M
[0.013s][info][gc,init] Heap Min Capacity: 512M
[0.013s][info][gc,init] Heap Initial Capacity: 512M
[0.013s][info][gc,init] Heap Max Capacity: 2G
[0.013s][info][gc,init] Pre-touch: Disabled
[0.013s][info][gc,init] Parallel Workers: 8
[0.013s][info][gc,init] Concurrent Workers: 2
[0.013s][info][gc,init] Concurrent Refinement Workers: 8
[0.013s][info][gc,init] Periodic GC: Disabled
[0.021s][info][gc,metaspace] CDS archive(s) mapped at: [0x00000205d7000000-0x00000205d7bd0000-0x00000205d7bd0000), size 12386304, SharedBaseAddress: 0x00000205d7000000, ArchiveRelocationMode: 1.
[0.021s][info][gc,metaspace] Compressed class space mapped at: 0x00000205d8000000-0x0000020618000000, reserved size: 1073741824
[0.021s][info][gc,metaspace] Narrow klass base: 0x00000205d7000000, Narrow klass shift: 0, Narrow klass range: 0x100000000
[0.511s][info][gc,start    ] GC(0) Pause Young (Normal) (G1 Evacuation Pause)
[0.512s][info][gc,task     ] GC(0) Using 8 workers of 8 for evacuation
[0.515s][info][gc,phases   ] GC(0)   Pre Evacuate Collection Set: 0.1ms
[0.515s][info][gc,phases   ] GC(0)   Merge Heap Roots: 0.1ms
[0.515s][info][gc,phases   ] GC(0)   Evacuate Collection Set: 2.8ms
[0.515s][info][gc,phases   ] GC(0)   Post Evacuate Collection Set: 0.3ms
[0.515s][info][gc,phases   ] GC(0)   Other: 0.5ms
[0.515s][info][gc,heap     ] GC(0) Eden regions: 25->0(33)
[0.515s][info][gc,heap     ] GC(0) Survivor regions: 0->4(4)
[0.515s][info][gc,heap     ] GC(0) Old regions: 0->0
[0.515s][info][gc,heap     ] GC(0) Archive regions: 0->0
[0.515s][info][gc,heap     ] GC(0) Humongous regions: 0->0
[0.515s][info][gc,metaspace] GC(0) Metaspace: 5522K(5696K)->5522K(5696K) NonClass: 4853K(4928K)->4853K(4928K) Class: 669K(768K)->669K(768K)
[0.515s][info][gc          ] GC(0) Pause Young (Normal) (G1 Evacuation Pause) 25M->3M(512M) 3.988ms
[0.515s][info][gc,cpu      ] GC(0) User=0.00s Sys=0.00s Real=0.00s
[1.145s][info][gc,start    ] GC(1) Pause Young (Normal) (G1 Evacuation Pause)
[1.145s][info][gc,task     ] GC(1) Using 8 workers of 8 for evacuation
[1.149s][info][gc,phases   ] GC(1)   Pre Evacuate Collection Set: 0.0ms
[1.149s][info][gc,phases   ] GC(1)   Merge Heap Roots: 0.0ms
[1.149s][info][gc,phases   ] GC(1)   Evacuate Collection Set: 3.6ms
[1.149s][info][gc,phases   ] GC(1)   Post Evacuate Collection Set: 0.5ms
[1.149s][info][gc,phases   ] GC(1)   Other: 0.1ms
[1.149s][info][gc,heap     ] GC(1) Eden regions: 33->0(279)
[1.149s][info][gc,heap     ] GC(1) Survivor regions: 4->3(5)
[1.149s][info][gc,heap     ] GC(1) Old regions: 0->4
[1.149s][info][gc,heap     ] GC(1) Archive regions: 0->0
[1.149s][info][gc,heap     ] GC(1) Humongous regions: 0->0
[1.149s][info][gc,metaspace] GC(1) Metaspace: 10707K(10880K)->10707K(10880K) NonClass: 9401K(9472K)->9401K(9472K) Class: 1306K(1408K)->1306K(1408K)
[1.149s][info][gc          ] GC(1) Pause Young (Normal) (G1 Evacuation Pause) 36M->5M(512M) 4.413ms
[1.149s][info][gc,cpu      ] GC(1) User=0.00s Sys=0.00s Real=0.00s
[74.458s][info][gc,heap,exit] Heap
[74.458s][info][gc,heap,exit]  garbage-first heap   total 524288K, used 188051K [0x0000000080000000, 0x0000000100000000)
[74.458s][info][gc,heap,exit]   region size 1024K, 181 young (185344K), 3 survivors (3072K)
[74.458s][info][gc,heap,exit]  Metaspace       used 19469K, committed 19712K, reserved 1114112K
[74.458s][info][gc,heap,exit]   class space    used 2259K, committed 2368K, reserved 1048576K
